2026-09-04T08:55:10.159524+00:00 [INFO] [motor_plugin_registry] [MOTOR_PLUGIN_REGISTERED] registered motor family plugin builtin.pm
2026-09-04T08:55:10.161133+00:00 [INFO] [motor_plugin_registry] [MOTOR_PLUGIN_REGISTERED] registered motor family plugin builtin.induction
2026-09-04T08:55:11.684678+00:00 [INFO] [bootstrap] [APPLICATION_GRAPH_COMPOSED] FastAPI application graph composed from sealed ServiceContainer
2026-09-04T08:55:11.725179+00:00 [INFO] [module_system] [DISTRIBUTION_VERSION_CHECK] Distribution assets are compatible with MotorCAD Studio 0.91.8
2026-09-04T08:55:11.726179+00:00 [INFO] [module_system] [PRODUCT_MODULE_CATALOG_CHECK] Product module catalog covers every declared contract for MotorCAD Studio 0.91.8
2026-09-04T08:55:11.727678+00:00 [INFO] [module_system] [MODULE_VERSION_CHECK] Built-in module catalog is compatible with MotorCAD Studio 0.91.8
2026-09-04T08:55:11.730179+00:00 [INFO] [application] [APP_START] MotorCAD Studio 0.91.8 starting
2026-09-04T08:55:13.899229+00:00 [WARNING] [monitoring] [SYSTEM_ALERT] 结果磁盘占用 84.6%
2026-09-04T08:55:14.509551+00:00 [INFO] [api] [HTTP_REQUEST] request=REQ-E795ABCDCFBF GET /api/health -> 200
2026-09-04T08:55:15.373349+00:00 [WARNING] [frontend] [FRONTEND_BUTTON_BINDING_GAP] 按钮绑定资格 97.8%
2026-09-04T08:55:15.386350+00:00 [INFO] [api] [HTTP_REQUEST] request=REQ-9D711DDB36E9 POST /api/client-events -> 204
2026-09-04T08:55:15.475849+00:00 [INFO] [api] [HTTP_REQUEST] request=REQ-6D50DF3054C3 GET /api/health -> 200
2026-09-04T08:55:15.661849+00:00 [WARNING] [frontend] [FRONTEND_BUTTON_BINDING_GAP] 按钮绑定资格 97.1%
2026-09-04T08:55:19.257345+00:00 [INFO] [api] [HTTP_REQUEST] request=REQ-CDAAE57524E0 POST /api/client-events -> 204
2026-09-04T08:55:19.263845+00:00 [INFO] [preflight] [PREFLIGHT_SHALLOW_STARTED] Motor-CAD shallow preflight started
2026-09-04T08:55:19.265345+00:00 [INFO] [api] [HTTP_REQUEST] request=REQ-554E96B45233 GET /api/system/installations -> 200
2026-09-04T08:55:19.301845+00:00 [INFO] [preflight] [PREFLIGHT_SHALLOW_FINISHED] Motor-CAD shallow preflight finished
2026-09-04T08:55:19.305344+00:00 [INFO] [api] [HTTP_REQUEST] request=REQ-F678E5761E96 GET /api/system/preflight -> 200
2026-09-04T08:55:19.316845+00:00 [INFO] [api] [HTTP_REQUEST] request=REQ-4B9E1112A303 GET /api/system/installations -> 200
2026-09-04T08:55:19.485844+00:00 [WARNING] [frontend] [FRONTEND_BUTTON_BINDING_GAP] 按钮绑定资格 97.7%
2026-09-04T08:55:19.486844+00:00 [INFO] [api] [HTTP_REQUEST] request=REQ-DEAB6E9A2A6A POST /api/client-events -> 204
2026-09-04T08:55:22.436196+00:00 [WARNING] [frontend] [FRONTEND_BUTTON_BINDING_GAP] 按钮绑定资格 97.7%
2026-09-04T08:55:22.437196+00:00 [INFO] [api] [HTTP_REQUEST] request=REQ-78FFBA069B71 POST /api/client-events -> 204
2026-09-04T08:55:24.875675+00:00 [WARNING] [frontend] [FRONTEND_BUTTON_BINDING_GAP] 按钮绑定资格 97.7%
2026-09-04T08:55:24.876674+00:00 [INFO] [api] [HTTP_REQUEST] request=REQ-9A4A8BBB407A POST /api/client-events -> 204
2026-09-04T08:55:27.804081+00:00 [INFO] [workspace] [PROJECT_TRASHED] project moved to trash: PRJ-BCB7891373
2026-09-04T08:55:27.805081+00:00 [INFO] [api] [HTTP_REQUEST] request=REQ-AA823B1762F3 DELETE /api/projects/PRJ-BCB7891373 -> 200
2026-09-04T08:55:41.360926+00:00 [INFO] [api] [HTTP_REQUEST] request=REQ-758744A82401 POST /api/projects -> 201
2026-09-04T08:55:41.503426+00:00 [WARNING] [frontend] [FRONTEND_BUTTON_BINDING_GAP] 按钮绑定资格 97.6%
2026-09-04T08:55:41.504427+00:00 [INFO] [api] [HTTP_REQUEST] request=REQ-4FAE0A7B4E12 POST /api/client-events -> 204
2026-09-04T08:55:45.802511+00:00 [WARNING] [frontend] [FRONTEND_ROUTE_SLOW] 页面路由加载耗时 2600 ms
2026-09-04T08:55:45.803511+00:00 [INFO] [api] [HTTP_REQUEST] request=REQ-77D7795716AB POST /api/client-events -> 204
2026-09-04T08:55:45.830012+00:00 [WARNING] [frontend] [FRONTEND_BUTTON_BINDING_GAP] 按钮绑定资格 97.6%
2026-09-04T08:55:45.831011+00:00 [INFO] [api] [HTTP_REQUEST] request=REQ-B46CCA44B17B POST /api/client-events -> 204
2026-09-04T08:56:56.443627+00:00 [WARNING] [frontend] [FRONTEND_BUTTON_BINDING_GAP] 按钮绑定资格 97.6%
2026-09-04T08:56:56.444626+00:00 [INFO] [api] [HTTP_REQUEST] request=REQ-BF13E53E8AFA POST /api/client-events -> 204
2026-09-04T08:56:59.392889+00:00 [INFO] [design_starter] [GOLDEN_STARTER_APPLIED] golden starter applied: golden_afpm_ssdr
2026-09-04T08:56:59.394390+00:00 [INFO] [api] [HTTP_REQUEST] request=REQ-5A7DAB6C53B4 POST /api/projects/PRJ-059548AAE2/design-starters/golden_afpm_ssdr -> 201
2026-09-04T08:56:59.793389+00:00 [WARNING] [frontend] [FRONTEND_BUTTON_BINDING_GAP] 按钮绑定资格 97.7%
2026-09-04T08:56:59.794389+00:00 [INFO] [api] [HTTP_REQUEST] request=REQ-3F1086E9347E POST /api/client-events -> 204
2026-09-04T08:57:31.159883+00:00 [INFO] [api] [HTTP_REQUEST] request=REQ-30F47DFCD58F POST /api/design-revisions/REV-8F4E4D8E10/workbench/precheck -> 200
2026-09-04T08:57:33.954800+00:00 [INFO] [api] [HTTP_REQUEST] request=REQ-4977DB07BAC0 PUT /api/solutions/DSN-D86BBE8CC2/draft -> 200
2026-09-04T08:57:33.983300+00:00 [INFO] [model_validation] [MODEL_RUNTIME_CHECK_PLAN] prepared Motor-CAD model check plan for e14_eMobility_AFM
2026-09-04T08:57:53.350314+00:00 [INFO] [model_validation] [MODEL_RUNTIME_CHECK] model feasibility check e14_eMobility_AFM: PASS
2026-09-04T08:57:55.633811+00:00 [INFO] [api] [HTTP_REQUEST] request=REQ-C622DDE0746B POST /api/solutions/DSN-D86BBE8CC2/draft/native-check -> 200
2026-09-04T08:58:33.469411+00:00 [INFO] [api] [HTTP_REQUEST] request=REQ-9F9C7EB7152F DELETE /api/solutions/DSN-D86BBE8CC2/draft -> 200
2026-09-04T08:58:46.697661+00:00 [WARNING] [frontend] [FRONTEND_ROUTE_SLOW] 页面路由加载耗时 5656 ms
2026-09-04T08:58:46.698662+00:00 [INFO] [api] [HTTP_REQUEST] request=REQ-4EEE47E9D33A POST /api/client-events -> 204
2026-09-04T08:58:46.744661+00:00 [WARNING] [frontend] [FRONTEND_BUTTON_BINDING_GAP] 按钮绑定资格 86.9%
2026-09-04T08:58:46.745661+00:00 [INFO] [api] [HTTP_REQUEST] request=REQ-38A5079A2A31 POST /api/client-events -> 204
2026-09-04T09:02:00.051763+00:00 [INFO] [preflight] [PREFLIGHT_SHALLOW_STARTED] Motor-CAD shallow preflight started
2026-09-04T09:02:00.087763+00:00 [INFO] [preflight] [PREFLIGHT_SHALLOW_FINISHED] Motor-CAD shallow preflight finished
2026-09-04T09:02:00.184763+00:00 [WARNING] [frontend] [FRONTEND_BUTTON_BINDING_GAP] 按钮绑定资格 86.9%
2026-09-04T09:02:00.185763+00:00 [INFO] [api] [HTTP_REQUEST] request=REQ-4AB0DB1AB2DC POST /api/client-events -> 204
2026-09-04T09:02:08.351995+00:00 [INFO] [api] [HTTP_REQUEST] request=REQ-55803008F1B1 POST /api/projects/PRJ-059548AAE2/analysis-definitions -> 201
2026-09-04T09:02:08.472995+00:00 [WARNING] [frontend] [FRONTEND_BUTTON_BINDING_GAP] 按钮绑定资格 86.2%
2026-09-04T09:02:08.473995+00:00 [INFO] [api] [HTTP_REQUEST] request=REQ-59BD08F532D4 POST /api/client-events -> 204
2026-09-04T09:02:15.352346+00:00 [INFO] [api] [HTTP_REQUEST] request=REQ-C8999FEAD259 POST /api/analysis-definitions/ANL-851E953FEB/editor/revisions -> 201
2026-09-04T09:02:18.064209+00:00 [INFO] [api] [HTTP_REQUEST] request=REQ-F932CE6F67E5 PUT /api/analysis-definitions/ANL-851E953FEB/editor/input-domains/cooling -> 200
2026-09-04T09:02:20.775945+00:00 [INFO] [api] [HTTP_REQUEST] request=REQ-53D840C3BA38 PUT /api/analysis-definitions/ANL-851E953FEB/editor/input-domains/losses -> 200
2026-09-04T09:02:23.925714+00:00 [INFO] [api] [HTTP_REQUEST] request=REQ-2EB9D07F24BD POST /api/analysis-definitions/ANL-851E953FEB/editor/revisions -> 201
2026-09-04T09:02:29.810207+00:00 [INFO] [api] [HTTP_REQUEST] request=REQ-ACFBC304C8C2 POST /api/analysis-definitions/ANL-851E953FEB/calculation-check/jobs -> 202
2026-09-04T09:02:29.976593+00:00 [INFO] [analysis] [ANALYSIS_CONFIGURATION_CHECK_RECORDED] analysis configuration check recorded: ANL-851E953FEB
2026-09-04T09:02:31.754091+00:00 [INFO] [model_validation] [MODEL_RUNTIME_CHECK_CACHE_HIT] reused Motor-CAD feasibility evidence for e14_eMobility_AFM
2026-09-04T09:02:31.843091+00:00 [INFO] [analysis] [ANALYSIS_NATIVE_CHECK_RECORDED] analysis native check evidence recorded: ANL-851E953FEB
2026-09-04T09:04:50.955535+00:00 [INFO] [task_engine] [TASK_CREATED] task=TASK-14DAFC62CA task created with 1 cases
2026-09-04T09:04:52.288533+00:00 [INFO] [analysis_execution] [ANALYSIS_EXECUTION_SUBMITTED] analysis execution submitted: ANL-851E953FEB -> TASK-14DAFC62CA
2026-09-04T09:04:52.339033+00:00 [INFO] [task_engine] [TASK_STARTED] task=TASK-14DAFC62CA task started, parallelism=1
2026-09-04T09:04:52.353532+00:00 [INFO] [api] [HTTP_REQUEST] request=REQ-2869D7565853 POST /api/analysis-definitions/ANL-851E953FEB/execute -> 201
2026-09-04T09:04:52.397032+00:00 [INFO] [task_engine] [CASE_STARTED] task=TASK-14DAFC62CA case=TASK-14DAFC62CA-C0001 stage=VALIDATING Case开始执行
2026-09-04T09:04:52.431533+00:00 [INFO] [task_engine] [CASE_INPUTS_READY] task=TASK-14DAFC62CA case=TASK-14DAFC62CA-C0001 stage=INPUTS_READY 电机参数、运行工况、材料与物理输入已组装并通过本地规则检查
2026-09-04T09:04:52.453033+00:00 [INFO] [task_engine] [WAITING_FOR_RUNTIME_RESOURCES] task=TASK-14DAFC62CA case=TASK-14DAFC62CA-C0001 stage=WAITING_FOR_RESOURCES 等待Motor-CAD运行时资源：Worker + 许可证 + 内存余量
2026-09-04T09:04:52.476533+00:00 [INFO] [task_engine] [RUNTIME_RESOURCE_LEASE_ACQUIRED] task=TASK-14DAFC62CA case=TASK-14DAFC62CA-C0001 stage=STARTING_SOLVER 运行时资源已原子授予，等待 0 ms
2026-09-04T09:04:52.540533+00:00 [INFO] [task_engine] [NATIVE_RUNTIME_FENCING_ACQUIRED] task=TASK-14DAFC62CA case=TASK-14DAFC62CA-C0001 stage=STARTING_SOLVER Motor-CAD Worker槽位已取得持久租约，fencing token=2
2026-09-04T09:04:52.573533+00:00 [INFO] [task_engine] [MOTORCAD_WORKER_LEASE_REQUESTED] task=TASK-14DAFC62CA case=TASK-14DAFC62CA-C0001 stage=STARTING_SOLVER 请求Motor-CAD持久Worker执行租约
2026-09-04T09:04:53.175531+00:00 [INFO] [task_engine] [WORKER_STARTED] task=TASK-14DAFC62CA case=TASK-14DAFC62CA-C0001 stage=STARTING_SOLVER 求解Worker PID=41188
2026-09-04T09:04:53.245032+00:00 [WARNING] [frontend] [FRONTEND_BUTTON_BINDING_GAP] 按钮绑定资格 86.5%
2026-09-04T09:04:53.246532+00:00 [INFO] [api] [HTTP_REQUEST] request=REQ-2C26309AFA90 POST /api/client-events -> 204
2026-09-04T09:04:53.278032+00:00 [INFO] [persistent_solver_worker] [PERSISTENT_WORKER_JOB_START] task=TASK-14DAFC62CA case=TASK-14DAFC62CA-C0001 stage=STARTING_SOLVER persistent Motor-CAD worker accepted case
2026-09-04T09:07:03.428302+00:00 [INFO] [preflight] [PREFLIGHT_SHALLOW_STARTED] Motor-CAD shallow preflight started
2026-09-04T09:07:03.485301+00:00 [INFO] [preflight] [PREFLIGHT_SHALLOW_FINISHED] Motor-CAD shallow preflight finished
2026-09-04T09:07:32.157583+00:00 [INFO] [persistent_solver_worker] [PERSISTENT_WORKER_JOB_SUCCESS] task=TASK-14DAFC62CA case=TASK-14DAFC62CA-C0001 stage=COMPLETED persistent Motor-CAD worker completed case
2026-09-04T09:07:34.338351+00:00 [INFO] [task_engine] [NATIVE_RUNTIME_FENCING_RELEASED] task=TASK-14DAFC62CA case=TASK-14DAFC62CA-C0001 stage=ARCHIVING Motor-CAD Worker槽位持久租约已释放
2026-09-04T09:07:35.465901+00:00 [INFO] [task_engine] [VALIDATE_AND_RUN_LEASE_COMPLETED] task=TASK-14DAFC62CA case=TASK-14DAFC62CA-C0001 stage=ARCHIVING 模型原生校验与正式求解在同一执行租约内完成
2026-09-04T09:07:38.213866+00:00 [WARNING] [task_engine] [CASE_COMPLETED] task=TASK-14DAFC62CA case=TASK-14DAFC62CA-C0001 stage=COMPLETED Case计算完成，质量状态=WARNING
2026-09-04T09:07:39.643715+00:00 [INFO] [data_factory] [INGEST_START] task=TASK-14DAFC62CA data factory task ingestion started
2026-09-04T09:07:39.798715+00:00 [INFO] [data_factory] [INGEST_COMPLETE] task=TASK-14DAFC62CA data factory ingestion completed for 1 rows; this does not imply solver success
2026-09-04T09:07:39.799715+00:00 [INFO] [task_engine] [DATA_FACTORY_INGESTED] task=TASK-14DAFC62CA 任务数据归档完成；该事件仅表示数据工厂摄取完成，不代表求解成功。
2026-09-04T09:07:39.825215+00:00 [INFO] [task_engine] [TASK_FINISHED] task=TASK-14DAFC62CA 任务结束: COMPLETED
2026-09-04T09:07:40.351623+00:00 [INFO] [frontend] [EXPERIMENT_RESULTS_HANDOFF] 参数研究计算完成，交还 Results/Optimization
2026-09-04T09:07:40.353124+00:00 [INFO] [api] [HTTP_REQUEST] request=REQ-CE9E32962F6C POST /api/client-events -> 204
2026-09-04T09:08:00.557456+00:00 [WARNING] [frontend] [FRONTEND_ROUTE_SLOW] 页面路由加载耗时 20196 ms
2026-09-04T09:08:00.558956+00:00 [INFO] [api] [HTTP_REQUEST] request=REQ-1F4E19F503AE POST /api/client-events -> 204
2026-09-04T09:08:00.595956+00:00 [WARNING] [frontend] [FRONTEND_BUTTON_BINDING_GAP] 按钮绑定资格 87.3%
2026-09-04T09:08:00.597456+00:00 [INFO] [api] [HTTP_REQUEST] request=REQ-9084A64885C7 POST /api/client-events -> 204
2026-09-04T09:19:29.030938+00:00 [INFO] [preflight] [PREFLIGHT_SHALLOW_STARTED] Motor-CAD shallow preflight started
2026-09-04T09:19:29.065438+00:00 [INFO] [preflight] [PREFLIGHT_SHALLOW_FINISHED] Motor-CAD shallow preflight finished
2026-09-04T09:19:29.716937+00:00 [WARNING] [frontend] [FRONTEND_BUTTON_BINDING_GAP] 按钮绑定资格 87.4%
2026-09-04T09:19:29.717938+00:00 [INFO] [api] [HTTP_REQUEST] request=REQ-AC13329AC6BC POST /api/client-events -> 204
2026-09-04T09:20:00.937318+00:00 [WARNING] [frontend] [FRONTEND_BUTTON_BINDING_GAP] 按钮绑定资格 97.8%
2026-09-04T09:20:00.949319+00:00 [INFO] [api] [HTTP_REQUEST] request=REQ-E8ECF5B21672 POST /api/client-events -> 204
2026-09-04T09:20:01.019318+00:00 [INFO] [api] [HTTP_REQUEST] request=REQ-E74F568F492A GET /api/health -> 200
2026-09-04T09:20:02.016317+00:00 [WARNING] [frontend] [FRONTEND_BUTTON_BINDING_GAP] 按钮绑定资格 97.3%
2026-09-04T09:20:05.095813+00:00 [INFO] [api] [HTTP_REQUEST] request=REQ-57FEB1879637 GET /api/system/installations -> 200
2026-09-04T09:20:05.097314+00:00 [INFO] [api] [HTTP_REQUEST] request=REQ-21DC3741E3F2 POST /api/client-events -> 204
2026-09-04T09:20:05.104313+00:00 [INFO] [api] [HTTP_REQUEST] request=REQ-881BF09851B1 GET /api/system/preflight -> 200
2026-09-04T09:20:05.128814+00:00 [INFO] [api] [HTTP_REQUEST] request=REQ-E88A6357A461 GET /api/system/installations -> 200
2026-09-04T09:20:05.719813+00:00 [WARNING] [frontend] [FRONTEND_ROUTE_SLOW] 页面路由加载耗时 2475 ms
2026-09-04T09:20:05.720813+00:00 [INFO] [api] [HTTP_REQUEST] request=REQ-62A1D9F2E249 POST /api/client-events -> 204
2026-09-04T09:20:05.748313+00:00 [WARNING] [frontend] [FRONTEND_BUTTON_BINDING_GAP] 按钮绑定资格 97.7%
2026-09-04T09:20:05.749313+00:00 [INFO] [api] [HTTP_REQUEST] request=REQ-AEFF87B4285E POST /api/client-events -> 204
2026-09-04T09:20:10.923808+00:00 [WARNING] [frontend] [FRONTEND_ROUTE_SLOW] 页面路由加载耗时 2342 ms
2026-09-04T09:20:10.925307+00:00 [INFO] [api] [HTTP_REQUEST] request=REQ-6EAA8E8F28DD POST /api/client-events -> 204
2026-09-04T09:20:10.947807+00:00 [WARNING] [frontend] [FRONTEND_BUTTON_BINDING_GAP] 按钮绑定资格 97.7%
2026-09-04T09:20:10.948807+00:00 [INFO] [api] [HTTP_REQUEST] request=REQ-3F3D7569AC64 POST /api/client-events -> 204
2026-09-04T09:22:05.656154+00:00 [INFO] [application] [APP_STOP] MotorCAD Studio stopping
